for i in {1..100}
do
java -Xmx5G -jar /labs/genut/software/ARACNe-AP/dist/aracne.jar -e ADmatrix.tsv  -o outputFolder --tfs keila_tfs.txt --pvalue 1E-8 --seed $i
done
root@DESKTOP-4BPPHHR:~# C:\Users\Keila Fuentes\OneDrive - Univers
C:UsersKeila: command not found
root@DESKTOP-4BPPHHR:~# ls
snap
root@DESKTOP-4BPPHHR:~# ls ..
bin  boot  dev  etc  home  init  lib  lib32  lib64  libx32  lost+found  media  mnt  opt  proc  root  run  sbin  snap  srv  sys  tmp  usr  var
root@DESKTOP-4BPPHHR:~# cd mnt
-bash: cd: mnt: No such file or directory
root@DESKTOP-4BPPHHR:~#
root@DESKTOP-4BPPHHR:~# ls
snap
root@DESKTOP-4BPPHHR:~# cd snap
root@DESKTOP-4BPPHHR:~/snap# ls
ubuntu-desktop-installer
root@DESKTOP-4BPPHHR:~/snap# ls
ubuntu-desktop-installer
root@DESKTOP-4BPPHHR:~/snap# ls ..
snap
root@DESKTOP-4BPPHHR:~/snap# cd ../
root@DESKTOP-4BPPHHR:~# ls ..
bin  boot  dev  etc  home  init  lib  lib32  lib64  libx32  lost+found  media  mnt  opt  proc  root  run  sbin  snap  srv  sys  tmp  usr  var
root@DESKTOP-4BPPHHR:~# cd mnt
-bash: cd: mnt: No such file or directory
root@DESKTOP-4BPPHHR:~# cd ../
root@DESKTOP-4BPPHHR:/# ls
bin  boot  dev  etc  home  init  lib  lib32  lib64  libx32  lost+found  media  mnt  opt  proc  root  run  sbin  snap  srv  sys  tmp  usr  var
root@DESKTOP-4BPPHHR:/# cd mnt
root@DESKTOP-4BPPHHR:/mnt# cd
root@DESKTOP-4BPPHHR:~# cd ../mnt
root@DESKTOP-4BPPHHR:/mnt# ls
c  g  wsl  wslg
root@DESKTOP-4BPPHHR:/mnt# ls c
ls: cannot access 'c/DumpStack.log.tmp': Permission denied
ls: cannot access 'c/hiberfil.sys': Permission denied
ls: cannot access 'c/pagefile.sys': Permission denied
ls: cannot access 'c/swapfile.sys': Permission denied
'$Recycle.Bin'  '$Windows.~WS'  'Documents and Settings'   DumpStack.log.tmp   OneDriveTemp  'Program Files'         ProgramData  'System Volume Information'   Windows        pagefile.sys
'$WinREAgent'    BIT_log.log     DumpStack.log             ESD                 PerfLogs      'Program Files (x86)'   Recovery      Users                        hiberfil.sys   swapfile.sys
root@DESKTOP-4BPPHHR:/mnt# ls c/Users/Keila\ Fuentes/
AppData/
Application Data/
Contacts/
Cookies/
Desktop/
Documents/
Downloads/
Favorites/
Links/
Local Settings/
Music/
My Documents/
NTUSER.DAT
NTUSER.DAT{0ab69396-cc3c-1243-91f2-b0a4607caf10}.TM.blf
NTUSER.DAT{0ab69396-cc3c-1243-91f2-b0a4607caf10}.TMContainer00000000000000000001.regtrans-ms
NTUSER.DAT{0ab69396-cc3c-1243-91f2-b0a4607caf10}.TMContainer00000000000000000002.regtrans-ms
NetHood/
OneDrive/
OneDrive - Universidad Juarez Autonoma de Tabasco/
Pictures/
PrintHood/
Recent/
Saved Games/
Searches/
SendTo/
Start Menu/
Templates/
Videos/
Zotero/
ntuser.dat.LOG1
ntuser.dat.LOG2
ntuser.ini
root@DESKTOP-4BPPHHR:/mnt# ls c/Users/Keila\ Fuentes/OneDrive\ -
c/    g/    wsl/  wslg/
root@DESKTOP-4BPPHHR:/mnt# cd c/Users/Keila\ Fuentes/OneDrive\ -\ Universidad\ Juarez\ Autonoma\ de\ Tabasco/TESIS/
root@DESKTOP-4BPPHHR:/mnt/c/Users/Keila Fuentes/OneDrive - Universidad Juarez Autonoma de Tabasco/TESIS# ls
 ADmatrix.tsv  'DatabaseExtract_v_1.01 KEILA.xlsx'   DatabaseExtract_v_1.01.xlsx  'NETWORK LITERACY SUMMARY.docx'  'Network Science Introduction SUMMARY.docx'   Readme.csv   keila_tfs.txt
root@DESKTOP-4BPPHHR:/mnt/c/Users/Keila Fuentes/OneDrive - Universidad Juarez Autonoma de Tabasco/TESIS# scp ADmatrix.tsv aperez@10.0.15.10:/labs/genut/keilapf
aperez@10.0.15.10's password:
ADmatrix.tsv                                                                                                                                              100%   32MB   5.7MB/s   00:05
root@DESKTOP-4BPPHHR:/mnt/c/Users/Keila Fuentes/OneDrive - Universidad Juarez Autonoma de Tabasco/TESIS# scp keila_tfs.txt aperez@10.0.15.10:/labs/genut/keilapf
aperez@10.0.15.10's password:
keila_tfs.txt                                                                                                                                             100%   18KB   2.1MB/s   00:00
root@DESKTOP-4BPPHHR:/mnt/c/Users/Keila Fuentes/OneDrive - Universidad Juarez Autonoma de Tabasco/TESIS# scp ADmatrix.t
ADmatrix.tsv   ADmatrix.tsx   ADmatrix.txt
root@DESKTOP-4BPPHHR:/mnt/c/Users/Keila Fuentes/OneDrive - Universidad Juarez Autonoma de Tabasco/TESIS# scp ADmatrix.txt aperez@10.0.15.10:/labs/genut/keilapf
aperez@10.0.15.10's password:
ADmatrix.txt                                                                                                                                              100%   32MB  10.4MB/s   00:03
root@DESKTOP-4BPPHHR:/mnt/c/Users/Keila Fuentes/OneDrive - Universidad Juarez Autonoma de Tabasco/TESIS#
